Copyright 1986-2017 Xilinx, Inc. All Rights Reserved.
---------------------------------------------------------------------------------------------------------------------------------
| Tool Version : Vivado v.2017.1 (lin64) Build 1846317 Fri Apr 14 18:54:47 MDT 2017
| Date         : Wed Jul 11 15:01:10 2018
| Host         : tuol-skylake running 64-bit Ubuntu 16.04.4 LTS
| Command      : report_utilization -file rocketchip_wrapper_utilization_placed.rpt -pb rocketchip_wrapper_utilization_placed.pb
| Design       : rocketchip_wrapper
| Device       : xczu9egffvb1156-2
| Design State : Fully Placed
---------------------------------------------------------------------------------------------------------------------------------

Utilization Design Information

Table of Contents
-----------------
1. CLB Logic
1.1 Summary of Registers by Type
2. CLB Logic Distribution
3. BLOCKRAM
4. ARITHMETIC
5. I/O
6. CLOCK
7. ADVANCED
8. CONFIGURATION
9. Primitives
10. Black Boxes
11. Instantiated Netlists

1. CLB Logic
------------

+----------------------------+-------+-------+-----------+-------+
|          Site Type         |  Used | Fixed | Available | Util% |
+----------------------------+-------+-------+-----------+-------+
| CLB LUTs                   | 34577 |     0 |    274080 | 12.62 |
|   LUT as Logic             | 33745 |     0 |    274080 | 12.31 |
|   LUT as Memory            |   832 |     0 |    144000 |  0.58 |
|     LUT as Distributed RAM |   830 |     0 |           |       |
|     LUT as Shift Register  |     2 |     0 |           |       |
| CLB Registers              | 15267 |     0 |    548160 |  2.79 |
|   Register as Flip Flop    | 15267 |     0 |    548160 |  2.79 |
|   Register as Latch        |     0 |     0 |    548160 |  0.00 |
| CARRY8                     |   495 |     0 |     34260 |  1.44 |
| F7 Muxes                   |  1716 |     0 |    137040 |  1.25 |
| F8 Muxes                   |    57 |     0 |     68520 |  0.08 |
| F9 Muxes                   |     0 |     0 |     34260 |  0.00 |
+----------------------------+-------+-------+-----------+-------+


1.1 Summary of Registers by Type
--------------------------------

+-------+--------------+-------------+--------------+
| Total | Clock Enable | Synchronous | Asynchronous |
+-------+--------------+-------------+--------------+
| 0     |            _ |           - |            - |
| 0     |            _ |           - |          Set |
| 0     |            _ |           - |        Reset |
| 0     |            _ |         Set |            - |
| 0     |            _ |       Reset |            - |
| 0     |          Yes |           - |            - |
| 0     |          Yes |           - |          Set |
| 0     |          Yes |           - |        Reset |
| 193   |          Yes |         Set |            - |
| 15074 |          Yes |       Reset |            - |
+-------+--------------+-------------+--------------+


2. CLB Logic Distribution
-------------------------

+-------------------------------------------+-------+-------+-----------+-------+
|                 Site Type                 |  Used | Fixed | Available | Util% |
+-------------------------------------------+-------+-------+-----------+-------+
| CLB                                       |  6125 |     0 |     34260 | 17.88 |
|   CLBL                                    |  2910 |     0 |           |       |
|   CLBM                                    |  3215 |     0 |           |       |
| LUT as Logic                              | 33745 |     0 |    274080 | 12.31 |
|   using O5 output only                    |   167 |       |           |       |
|   using O6 output only                    | 30231 |       |           |       |
|   using O5 and O6                         |  3347 |       |           |       |
| LUT as Memory                             |   832 |     0 |    144000 |  0.58 |
|   LUT as Distributed RAM                  |   830 |     0 |           |       |
|     using O5 output only                  |     0 |       |           |       |
|     using O6 output only                  |    28 |       |           |       |
|     using O5 and O6                       |   802 |       |           |       |
|   LUT as Shift Register                   |     2 |     0 |           |       |
|     using O5 output only                  |     0 |       |           |       |
|     using O6 output only                  |     2 |       |           |       |
|     using O5 and O6                       |     0 |       |           |       |
| LUT Flip Flop Pairs                       |  7686 |     0 |    274080 |  2.80 |
|   fully used LUT-FF pairs                 |   434 |       |           |       |
|   LUT-FF pairs with one unused LUT output |  7169 |       |           |       |
|   LUT-FF pairs with one unused Flip Flop  |  6574 |       |           |       |
| Unique Control Sets                       |   535 |       |           |       |
+-------------------------------------------+-------+-------+-----------+-------+
* Note: Review the Control Sets Report for more information regarding control sets.


3. BLOCKRAM
-----------

+-------------------+------+-------+-----------+-------+
|     Site Type     | Used | Fixed | Available | Util% |
+-------------------+------+-------+-----------+-------+
| Block RAM Tile    |   13 |     0 |       912 |  1.43 |
|   RAMB36/FIFO*    |    9 |     0 |       912 |  0.99 |
|     RAMB36E2 only |    9 |       |           |       |
|   RAMB18          |    8 |     0 |      1824 |  0.44 |
|     RAMB18E2 only |    8 |       |           |       |
+-------------------+------+-------+-----------+-------+
* Note: Each Block RAM Tile only has one FIFO logic available and therefore can accommodate only one FIFO36E2 or one FIFO18E2. However, if a FIFO18E2 occupies a Block RAM Tile, that tile can still accommodate a RAMB18E2


4. ARITHMETIC
-------------

+----------------+------+-------+-----------+-------+
|    Site Type   | Used | Fixed | Available | Util% |
+----------------+------+-------+-----------+-------+
| DSPs           |   24 |     0 |      2520 |  0.95 |
|   DSP48E2 only |   24 |       |           |       |
+----------------+------+-------+-----------+-------+


5. I/O
------

+------------------+------+-------+-----------+-------+
|     Site Type    | Used | Fixed | Available | Util% |
+------------------+------+-------+-----------+-------+
| Bonded IOB       |    2 |     2 |       328 |  0.61 |
| HPIOB_M          |    1 |     1 |        96 |  1.04 |
|   INPUT          |    1 |       |           |       |
|   OUTPUT         |    0 |       |           |       |
|   BIDIR          |    0 |       |           |       |
| HPIOB_S          |    1 |     1 |        96 |  1.04 |
|   INPUT          |    1 |       |           |       |
|   OUTPUT         |    0 |       |           |       |
|   BIDIR          |    0 |       |           |       |
| HDIOB_M          |    0 |     0 |        60 |  0.00 |
| HDIOB_S          |    0 |     0 |        60 |  0.00 |
| HPIOB_SNGL       |    0 |     0 |        16 |  0.00 |
| HPIOBDIFFINBUF   |    1 |     1 |        96 |  1.04 |
|   DIFFINBUF      |    1 |     1 |           |       |
| HPIOBDIFFOUTBUF  |    0 |     0 |        96 |  0.00 |
| HDIOBDIFFINBUF   |    0 |     0 |        60 |  0.00 |
| BITSLICE_CONTROL |    0 |     0 |        32 |  0.00 |
| BITSLICE_RX_TX   |    0 |     0 |       208 |  0.00 |
| BITSLICE_TX      |    0 |     0 |        32 |  0.00 |
| RIU_OR           |    0 |     0 |        16 |  0.00 |
+------------------+------+-------+-----------+-------+


6. CLOCK
--------

+----------------------+------+-------+-----------+-------+
|       Site Type      | Used | Fixed | Available | Util% |
+----------------------+------+-------+-----------+-------+
| GLOBAL CLOCK BUFFERs |    2 |     0 |       404 |  0.50 |
|   BUFGCE             |    2 |     0 |       116 |  1.72 |
|   BUFGCE_DIV         |    0 |     0 |        16 |  0.00 |
|   BUFG_GT            |    0 |     0 |       168 |  0.00 |
|   BUFG_PS            |    0 |     0 |        72 |  0.00 |
|   BUFGCTRL*          |    0 |     0 |        32 |  0.00 |
| PLL                  |    0 |     0 |         8 |  0.00 |
| MMCM                 |    1 |     0 |         4 | 25.00 |
+----------------------+------+-------+-----------+-------+
* Note: Each used BUFGCTRL counts as two global buffer resources. This table does not include global clocking resources, only buffer cell usage. See the Clock Utilization Report (report_clock_utilization) for detailed accounting of global clocking resource availability.


7. ADVANCED
-----------

+-----------------+------+-------+-----------+--------+
|    Site Type    | Used | Fixed | Available |  Util% |
+-----------------+------+-------+-----------+--------+
| GTHE4_CHANNEL   |    0 |     0 |        24 |   0.00 |
| GTHE4_COMMON    |    0 |     0 |         6 |   0.00 |
| OBUFDS_GTE4     |    0 |     0 |        12 |   0.00 |
| OBUFDS_GTE4_ADV |    0 |     0 |        12 |   0.00 |
| PS8             |    1 |     0 |         1 | 100.00 |
| SYSMONE4        |    0 |     0 |         1 |   0.00 |
+-----------------+------+-------+-----------+--------+


8. CONFIGURATION
----------------

+-------------+------+-------+-----------+-------+
|  Site Type  | Used | Fixed | Available | Util% |
+-------------+------+-------+-----------+-------+
| BSCANE2     |    0 |     0 |         4 |  0.00 |
| DNA_PORTE2  |    0 |     0 |         1 |  0.00 |
| EFUSE_USR   |    0 |     0 |         1 |  0.00 |
| FRAME_ECCE4 |    0 |     0 |         1 |  0.00 |
| ICAPE3      |    0 |     0 |         2 |  0.00 |
| MASTER_JTAG |    0 |     0 |         1 |  0.00 |
| STARTUPE3   |    0 |     0 |         1 |  0.00 |
+-------------+------+-------+-----------+-------+


9. Primitives
-------------

+------------+-------+---------------------+
|  Ref Name  |  Used | Functional Category |
+------------+-------+---------------------+
| LUT6       | 18664 |                 CLB |
| FDRE       | 15074 |            Register |
| LUT5       |  9238 |                 CLB |
| LUT4       |  3916 |                 CLB |
| LUT3       |  2976 |                 CLB |
| LUT2       |  1987 |                 CLB |
| MUXF7      |  1716 |                 CLB |
| RAMD32     |  1374 |                 CLB |
| CARRY8     |   495 |                 CLB |
| LUT1       |   311 |                 CLB |
| RAMS32     |   250 |                 CLB |
| FDSE       |   193 |            Register |
| MUXF8      |    57 |                 CLB |
| DSP48E2    |    24 |          Arithmetic |
| RAMB36E2   |     9 |           Block Ram |
| RAMD64E    |     8 |                 CLB |
| RAMB18E2   |     8 |           Block Ram |
| SRL16E     |     2 |                 CLB |
| BUFGCE     |     2 |               Clock |
| PS8        |     1 |            Advanced |
| MMCME4_ADV |     1 |               Clock |
| IBUFCTRL   |     1 |              Others |
| DIFFINBUF  |     1 |                 I/O |
+------------+-------+---------------------+


10. Black Boxes
---------------

+----------+------+
| Ref Name | Used |
+----------+------+


11. Instantiated Netlists
-------------------------

+-------------------------------+------+
|            Ref Name           | Used |
+-------------------------------+------+
| system_processing_system7_0_0 |    1 |
+-------------------------------+------+


